[16:17:25.628] startup
[16:17:25.676] window created, loading feeds
[16:17:25.696] loader: start
[16:17:25.709] loader: fetching https://feeds.megaphone.fm/wolf359radio
[16:22:08.139] startup
[16:22:08.173] window created, loading feeds
[16:22:08.175] loader: start
[16:22:08.175] loader: fetching https://feeds.megaphone.fm/wolf359radio
[16:22:10.114] loader: fetched 334773 bytes
[16:22:10.115] loader: parsed 100 episodes
[16:22:10.115] loader: done, 1 feeds
[16:22:10.116] feeds done, 1 podcasts
[16:22:18.665] heartbeat 10
[16:22:28.676] heartbeat 20
[16:22:39.208] heartbeat 30
[16:22:49.224] heartbeat 40
[16:23:00.244] heartbeat 50
[16:23:10.234] heartbeat 60
[16:23:20.231] heartbeat 70
[16:23:30.242] heartbeat 80
[16:23:40.232] heartbeat 90
[16:23:50.231] heartbeat 100
[16:24:00.253] heartbeat 110
[16:24:10.247] heartbeat 120
[16:24:20.258] heartbeat 130
[16:24:30.252] heartbeat 140
[16:24:40.254] heartbeat 150
[16:24:50.273] heartbeat 160
[16:25:00.264] heartbeat 170
[16:25:10.267] heartbeat 180
[16:25:20.284] heartbeat 190
[16:25:30.282] heartbeat 200
[16:25:40.283] heartbeat 210
[16:25:50.291] heartbeat 220
[16:26:00.282] heartbeat 230
[16:26:11.290] heartbeat 240
[16:26:21.287] heartbeat 250
[16:26:31.294] heartbeat 260
[16:26:41.284] heartbeat 270
[16:26:51.279] heartbeat 280
[16:27:01.296] heartbeat 290
[16:27:14.295] heartbeat 300
[16:27:24.296] heartbeat 310
[16:27:34.295] heartbeat 320
[16:27:44.295] heartbeat 330
[16:27:54.297] heartbeat 340
[16:28:12.885] startup
[16:28:12.914] window created, loading feeds
[16:28:12.921] loader: start
[16:28:12.921] loader: fetching https://feeds.megaphone.fm/wolf359radio
[16:28:22.892] heartbeat 10
[16:28:25.410] loader: fetched 334773 bytes
[16:28:25.412] loader: parsed 100 episodes
[16:28:25.412] loader: done, 1 feeds
[16:28:25.413] feeds done, 1 podcasts
[16:28:33.902] heartbeat 20
[16:28:43.898] heartbeat 30
[16:28:53.900] heartbeat 40
[16:29:03.892] heartbeat 50
[16:29:13.896] heartbeat 60
[16:29:23.893] heartbeat 70
[16:29:33.895] heartbeat 80
[16:29:43.994] heartbeat 90
[16:29:53.891] heartbeat 100
[16:30:03.891] heartbeat 110
[16:30:13.889] heartbeat 120
[16:30:23.903] heartbeat 130
[16:30:33.895] heartbeat 140
[16:30:43.901] heartbeat 150
[16:30:53.901] heartbeat 160
[16:31:03.896] heartbeat 170
[16:31:13.890] heartbeat 180
[16:31:23.904] heartbeat 190
[16:31:33.897] heartbeat 200
[16:31:43.891] heartbeat 210
[16:31:53.897] heartbeat 220
[16:32:03.899] heartbeat 230
[16:32:13.889] heartbeat 240
[16:32:23.891] heartbeat 250
[16:32:33.897] heartbeat 260
[16:32:43.894] heartbeat 270
[16:32:53.337] loader: start
[16:32:53.338] loader: fetching https://feeds.megaphone.fm/wolf359radio
[16:32:53.890] heartbeat 280
[16:32:54.047] loader: fetched 334773 bytes
[16:32:54.049] loader: parsed 100 episodes
[16:32:54.050] loader: done, 1 feeds
[16:32:54.051] feeds done, 1 podcasts
[16:33:03.894] heartbeat 290
[16:33:13.895] heartbeat 300
[16:33:23.896] heartbeat 310
[16:33:33.901] heartbeat 320
[16:33:43.893] heartbeat 330
[16:33:53.901] heartbeat 340
[16:34:03.891] heartbeat 350
[16:34:13.897] heartbeat 360
[16:34:23.908] heartbeat 370
[16:34:33.904] heartbeat 380
[16:34:43.916] heartbeat 390
[16:34:53.906] heartbeat 400
[16:35:03.906] heartbeat 410
[16:35:13.921] heartbeat 420
[16:35:23.922] heartbeat 430
[16:35:33.933] heartbeat 440
